###############################################################################
#
# IAR ELF Linker V9.30.1.335/W64 for ARM                  28/Dec/2022  16:10:29
# Copyright 2007-2022 IAR Systems AB.
#
#    Output file  =
#        M:\Semester 7\Intro to Embedded\Project\Project\Debug\Exe\project.out
#    Map file     =
#        M:\Semester 7\Intro to Embedded\Project\Project\Debug\List\project.map
#    Command line =
#        -f "M:\Semester 7\Intro to
#        Embedded\Project\Project\Debug\Exe\project.out.rsp" ("M:\Semester
#        7\Intro to Embedded\Project\Project\Debug\Obj\basic_operations.o"
#        "M:\Semester 7\Intro to
#        Embedded\Project\Project\Debug\Obj\Calculator.o" "M:\Semester 7\Intro
#        to Embedded\Project\Project\Debug\Obj\gpio.o" "M:\Semester 7\Intro to
#        Embedded\Project\Project\Debug\Obj\gptm.o" "M:\Semester 7\Intro to
#        Embedded\Project\Project\Debug\Obj\keypad.o" "M:\Semester 7\Intro to
#        Embedded\Project\Project\Debug\Obj\lcd.o" "M:\Semester 7\Intro to
#        Embedded\Project\Project\Debug\Obj\main.o" "M:\Semester 7\Intro to
#        Embedded\Project\Project\Debug\Obj\startup_ewarm.o" "M:\Semester
#        7\Intro to Embedded\Project\Project\Debug\Obj\systic.o" "M:\Semester
#        7\Intro to Embedded\Project\Project\Debug\Obj\time_operations.o"
#        --no_out_extension -o "M:\Semester 7\Intro to
#        Embedded\Project\Project\Debug\Exe\project.out" --redirect
#        _Printf=_PrintfFullNoMb --redirect _Scanf=_ScanfFullNoMb --map
#        "M:\Semester 7\Intro to
#        Embedded\Project\Project\Debug\List\project.map" --config
#        M:\IAR\Installs\arm/config/linker/TexasInstruments/TM4C123GH6.icf
#        --semihosting
#        C:\ti\TivaWare_C_Series-2.2.0.295\driverlib\ewarm\Exe\driverlib.a
#        --entry __iar_program_start --vfe --text_out locale --cpu=Cortex-M4
#        --fpu=VFPv4_sp)
#
###############################################################################

*******************************************************************************
*** RUNTIME MODEL ATTRIBUTES
***

CppFlavor       = *
__CPP_Runtime   = 1
__SystemLibrary = DLib
__dlib_version  = 6


*******************************************************************************
*** HEAP SELECTION
***

The basic heap was selected because --advanced_heap
was not specified and the application did not appear to
be primarily optimized for speed.


*******************************************************************************
*** PLACEMENT SUMMARY
***

"A0":  place at address 0x0 { ro section .intvec };
"P1":  place in [from 0x0 to 0x3'ffff] { ro };
define block CSTACK with size = 4K, alignment = 8 { };
define block HEAP with size = 8K, alignment = 8 { };
"P2":  place in [from 0x2000'0000 to 0x2000'7fff] {
          rw, block CSTACK, block HEAP };
do not initialize { rw section .noinit };
initialize by copy { rw };

  Section            Kind         Address    Size  Object
  -------            ----         -------    ----  ------
"A0":                                       0x26c
  .intvec            const            0x0   0x26c  startup_ewarm.o [1]
                                  - 0x26c   0x26c

"P1":                                      0x1bcc
  .text              ro code        0x26c   0x638  main.o [1]
  .text              ro code        0x8a4   0x30c  gpio.o [1]
  .text              ro code        0xbb0    0x56  ABImemcpy_unaligned.o [4]
  .text              ro code        0xc06    0x2a  copy_init3.o [4]
  .text              ro code        0xc30   0x630  gptm.o [1]
  .text              ro code       0x1260   0x178  lcd.o [1]
  .text              ro code       0x13d8    0x9c  keypad.o [1]
  .text              ro code       0x1474    0xb0  Calculator.o [1]
  .text              ro code       0x1524   0x120  time_operations.o [1]
  .text              ro code       0x1644    0x34  DblCmpGe.o [3]
  .text              ro code       0x1678   0x1aa  DblMul.o [3]
  .text              ro code       0x1824    0x22  DblToU32.o [3]
  .text              ro code       0x1848    0x70  systic.o [1]
  .text              ro code       0x18b8    0x94  basic_operations.o [1]
  .text              ro code       0x194c   0x152  iar_Stoulx.o [2]
  .text              ro code       0x1a9e     0x8  abs.o [2]
  .text              ro code       0x1aa8    0x58  memchr.o [4]
  .rodata            const         0x1b00    0x60  gpio.o [1]
  .rodata            const         0x1b60    0x50  iar_Stoulx.o [2]
  .rodata            const         0x1bb0    0x48  gpio.o [1]
  .rodata            const         0x1bf8    0x48  gpio.o [1]
  .text              ro code       0x1c40    0x38  zero_init3.o [4]
  .text              ro code       0x1c78    0x28  data_init.o [4]
  .text              ro code       0x1ca0    0x22  fpinit_M.o [3]
  .iar.init_table    const         0x1cc4    0x24  - Linker created -
  .text              ro code       0x1ce8    0x1e  startup_ewarm.o [1]
  .text              ro code       0x1d08    0x1c  cstartup_M.o [4]
  .text              ro code       0x1d24    0x1e  cmain.o [4]
  .text              ro code       0x1d42     0x4  low_level_init.o [2]
  .text              ro code       0x1d46     0x4  exit.o [2]
  .text              ro code       0x1d4c     0xa  cexit.o [4]
  .text              ro code       0x1d58    0x14  exit.o [5]
  .rodata            const         0x1d6c    0x18  gpio.o [1]
  .rodata            const         0x1d84    0x14  main.o [1]
  .rodata            const         0x1d98    0x18  main.o [1]
  .rodata            const         0x1db0    0x18  main.o [1]
  .rodata            const         0x1dc8    0x14  main.o [1]
  Initializer bytes  const         0x1ddc    0x14  <for P2-1>
  .rodata            const         0x1df0     0xc  main.o [1]
  .rodata            const         0x1dfc     0xc  main.o [1]
  .rodata            const         0x1e08     0xc  main.o [1]
  .rodata            const         0x1e14     0xc  main.o [1]
  .rodata            const         0x1e20     0x8  main.o [1]
  .rodata            const         0x1e28     0x8  main.o [1]
  .rodata            const         0x1e30     0x8  main.o [1]
  .rodata            const         0x1e38     0x0  zero_init3.o [4]
  .rodata            const         0x1e38     0x0  copy_init3.o [4]
                                 - 0x1e38  0x1bcc

"P2", part 1 of 3:                           0x14
  P2-1                        0x2000'0000    0x12  <Init block>
    .data            inited   0x2000'0000    0x10  keypad.o [1]
    .data            inited   0x2000'0010     0x1  main.o [1]
    .data            inited   0x2000'0011     0x1  main.o [1]
                            - 0x2000'0012    0x12

"P2", part 2 of 3:                           0x6c
  .bss               zero     0x2000'0014    0x18  gpio.o [1]
  .bss               zero     0x2000'002c    0x10  main.o [1]
  .bss               zero     0x2000'003c     0x4  gptm.o [1]
  .bss               zero     0x2000'0040     0x4  gptm.o [1]
  .bss               zero     0x2000'0044     0x4  gptm.o [1]
  .bss               zero     0x2000'0048     0x4  gptm.o [1]
  .bss               zero     0x2000'004c     0x4  gptm.o [1]
  .bss               zero     0x2000'0050     0x4  gptm.o [1]
  .bss               zero     0x2000'0054     0x4  gptm.o [1]
  .bss               zero     0x2000'0058     0x4  gptm.o [1]
  .bss               zero     0x2000'005c     0x4  gptm.o [1]
  .bss               zero     0x2000'0060     0x4  gptm.o [1]
  .bss               zero     0x2000'0064     0x4  gptm.o [1]
  .bss               zero     0x2000'0068     0x4  gptm.o [1]
  .bss               zero     0x2000'006c     0x4  gptm.o [1]
  .bss               zero     0x2000'0070     0x2  Calculator.o [1]
  .bss               zero     0x2000'0072     0x2  Calculator.o [1]
  .bss               zero     0x2000'0074     0x2  main.o [1]
  .bss               zero     0x2000'0076     0x2  main.o [1]
  .bss               zero     0x2000'0078     0x2  main.o [1]
  .bss               zero     0x2000'007a     0x1  Calculator.o [1]
  .bss               zero     0x2000'007b     0x1  main.o [1]
  .bss               zero     0x2000'007c     0x1  main.o [1]
  .bss               zero     0x2000'007d     0x1  main.o [1]
                            - 0x2000'007e    0x6a

"P2", part 3 of 3:                          0x200
  .noinit            uninit   0x2000'0080   0x200  startup_ewarm.o [1]
                            - 0x2000'0280   0x200

Unused ranges:

         From           To      Size
         ----           --      ----
       0x1e38     0x3'ffff  0x3'e1c8
  0x2000'0280  0x2000'7fff    0x7d80


*******************************************************************************
*** INIT TABLE
***

          Address      Size
          -------      ----
Zero (__iar_zero_init3)
    1 destination range, total size 0x6a:
          0x2000'0014  0x6a

Copy (__iar_copy_init3)
    1 source range, total size 0x14 (111% of destination):
               0x1ddc  0x14
    1 destination range, total size 0x12:
          0x2000'0000  0x12



*******************************************************************************
*** MODULE SUMMARY
***

    Module                 ro code  ro data  rw data
    ------                 -------  -------  -------
command line/config:
    ------------------------------------------------
    Total:

M:\Semester 7\Intro to Embedded\Project\Project\Debug\Obj: [1]
    Calculator.o               176                 5
    basic_operations.o         148
    gpio.o                     780      264       24
    gptm.o                   1'584                52
    keypad.o                   156       16       16
    lcd.o                      376
    main.o                   1'592      162       27
    startup_ewarm.o             30      620      512
    systic.o                   112
    time_operations.o          288
    ------------------------------------------------
    Total:                   5'242    1'062      636

dl7M_tln.a: [2]
    abs.o                        8
    exit.o                       4
    iar_Stoulx.o               338       80
    low_level_init.o             4
    ------------------------------------------------
    Total:                     354       80

m7M_tls.a: [3]
    DblCmpGe.o                  52
    DblMul.o                   426
    DblToU32.o                  34
    fpinit_M.o                  34
    ------------------------------------------------
    Total:                     546

rt7M_tl.a: [4]
    ABImemcpy_unaligned.o       86
    cexit.o                     10
    cmain.o                     30
    copy_init3.o                42
    cstartup_M.o                28
    data_init.o                 40
    memchr.o                    88
    zero_init3.o                56
    ------------------------------------------------
    Total:                     380

shb_l.a: [5]
    exit.o                      20
    ------------------------------------------------
    Total:                      20

    Gaps                        12        2
    Linker created                       38
----------------------------------------------------
    Grand Total:             6'554    1'182      636


*******************************************************************************
*** ENTRY LIST
***

Entry                       Address   Size  Type      Object
-----                       -------   ----  ----      ------
.iar.init_table$$Base        0x1cc4          --   Gb  - Linker created -
.iar.init_table$$Limit       0x1ce8          --   Gb  - Linker created -
?main                        0x1d25         Code  Gb  cmain.o [4]
CALCULATOR_getResult         0x14d3   0x46  Code  Gb  Calculator.o [1]
CALCULATOR_recFirstNum       0x1475    0xc  Code  Gb  Calculator.o [1]
CALCULATOR_recOperation
                             0x1481   0x46  Code  Gb  Calculator.o [1]
CALCULATOR_recSecondNum
                             0x14c7    0xc  Code  Gb  Calculator.o [1]
FaultISR                     0x1d03    0x2  Code  Lc  startup_ewarm.o [1]
GPIO_init                     0x8e5   0x7c  Code  Gb  gpio.o [1]
GPIO_interruptClear           0xb0b   0x2c  Code  Gb  gpio.o [1]
GPIO_interruptEnable          0xa61   0xaa  Code  Gb  gpio.o [1]
GPIO_portAHandler             0x8a5   0x10  Code  Gb  gpio.o [1]
GPIO_portDHandler             0x8b5   0x10  Code  Gb  gpio.o [1]
GPIO_portEHandler             0x8c5   0x10  Code  Gb  gpio.o [1]
GPIO_portFHandler             0x8d5   0x10  Code  Gb  gpio.o [1]
GPIO_read                     0xb6f   0x1c  Code  Gb  gpio.o [1]
GPIO_setCallBack              0xb37   0x18  Code  Gb  gpio.o [1]
GPIO_setDirection             0x961  0x100  Code  Gb  gpio.o [1]
GPIO_write                    0xb4f   0x20  Code  Gb  gpio.o [1]
GPTM0_setCallBackA           0x1145    0x6  Code  Gb  gptm.o [1]
GPTM1_setCallBackA           0x114b    0x6  Code  Gb  gptm.o [1]
GPTM_DeInit                  0x1137    0xe  Code  Gb  gptm.o [1]
GPTM_Init                     0xd75  0x3c2  Code  Gb  gptm.o [1]
GPTM_Timer0A_ISR              0xc31   0x1a  Code  Gb  gptm.o [1]
GPTM_Timer0B_ISR              0xc4b   0x1c  Code  Gb  gptm.o [1]
GPTM_Timer1A_ISR              0xc67   0x1a  Code  Gb  gptm.o [1]
GPTM_Timer1B_ISR              0xc81   0x1c  Code  Gb  gptm.o [1]
GPTM_Timer2A_ISR              0xc9d   0x1a  Code  Gb  gptm.o [1]
GPTM_Timer2B_ISR              0xcb7   0x1c  Code  Gb  gptm.o [1]
GPTM_Timer3A_ISR              0xcd3   0x1a  Code  Gb  gptm.o [1]
GPTM_Timer3B_ISR              0xced   0x1c  Code  Gb  gptm.o [1]
GPTM_Timer4A_ISR              0xd09   0x1a  Code  Gb  gptm.o [1]
GPTM_Timer4B_ISR              0xd23   0x1c  Code  Gb  gptm.o [1]
GPTM_Timer5A_ISR              0xd3f   0x1a  Code  Gb  gptm.o [1]
GPTM_Timer5B_ISR              0xd59   0x1c  Code  Gb  gptm.o [1]
IntDefaultHandler            0x1d05    0x2  Code  Lc  startup_ewarm.o [1]
KEYPAD_UX               0x2000'0000   0x10  Data  Lc  keypad.o [1]
KEYPAD_init                  0x13d9   0x28  Code  Gb  keypad.o [1]
KEYPAD_read                  0x1401   0x6e  Code  Gb  keypad.o [1]
LCD_clearScreen              0x13cf    0xa  Code  Gb  lcd.o [1]
LCD_displayCharacter         0x131d   0x48  Code  Gb  lcd.o [1]
LCD_displayString            0x1365   0x20  Code  Gb  lcd.o [1]
LCD_init                     0x1261   0x74  Code  Gb  lcd.o [1]
LCD_intgerToString           0x13bb   0x14  Code  Gb  lcd.o [1]
LCD_moveCursor               0x1385   0x36  Code  Gb  lcd.o [1]
LCD_sendCommand              0x12d5   0x48  Code  Gb  lcd.o [1]
NmiSR                        0x1d01    0x2  Code  Lc  startup_ewarm.o [1]
Region$$Table$$Base          0x1cc4          --   Gb  - Linker created -
Region$$Table$$Limit         0x1ce8          --   Gb  - Linker created -
ResetISR                     0x1ce9   0x12  Code  Gb  startup_ewarm.o [1]
SYSTIC_delay_ms              0x1849   0x62  Code  Gb  systic.o [1]
__aeabi_cdrcmple             0x1645         Code  Gb  DblCmpGe.o [3]
__aeabi_d2uiz                0x1825         Code  Gb  DblToU32.o [3]
__aeabi_dmul                 0x1679         Code  Gb  DblMul.o [3]
__cmain                      0x1d25         Code  Gb  cmain.o [4]
__exit                       0x1d59   0x14  Code  Gb  exit.o [5]
__iar_Memchr                 0x1aa9         Code  Gb  memchr.o [4]
__iar_Stoul                  0x1a91    0x2  Code  Gb  iar_Stoulx.o [2]
__iar_Stoulx                 0x194d  0x13e  Code  Gb  iar_Stoulx.o [2]
__iar_copy_init3              0xc07   0x2a  Code  Gb  copy_init3.o [4]
__iar_data_init3             0x1c79   0x28  Code  Gb  data_init.o [4]
__iar_init_vfp               0x1ca1         Code  Gb  fpinit_M.o [3]
__iar_program_start          0x1d09         Code  Gb  cstartup_M.o [4]
__iar_unaligned_memcpy4
                              0xbb1         Code  Gb  ABImemcpy_unaligned.o [4]
__iar_unaligned_memcpy8
                              0xbb1         Code  Gb  ABImemcpy_unaligned.o [4]
__iar_zero_init3             0x1c41   0x38  Code  Gb  zero_init3.o [4]
__low_level_init             0x1d43    0x4  Code  Gb  low_level_init.o [2]
__vector_table                  0x0  0x26c  Data  Gb  startup_ewarm.o [1]
_call_main                   0x1d31         Code  Gb  cmain.o [4]
_exit                        0x1d4d         Code  Gb  cexit.o [4]
abs                          0x1a9f    0x8  Code  Wk  abs.o [2]
atoi                         0x1a93    0x2  Code  Gb  iar_Stoulx.o [2]
calculatorMode                0x3a1  0x11a  Code  Gb  main.o [1]
curMode                 0x2000'007c    0x1  Data  Gb  main.o [1]
dataRegs                     0x1d6c   0x18  Data  Lc  gpio.o [1]
digits                       0x1b88   0x28  Data  Lc  iar_Stoulx.o [2]
diplayCurrentMode             0x339   0x18  Code  Gb  main.o [1]
directionRegs                0x1bf8   0x48  Data  Lc  gpio.o [1]
displayCurrentStatus          0x351   0x50  Code  Gb  main.o [1]
exit                         0x1d47    0x4  Code  Gb  exit.o [2]
firstNum                0x2000'0070    0x2  Data  Lc  Calculator.o [1]
fromSecToTime                0x1583   0xc2  Code  Gb  time_operations.o [1]
fromTimeToSec                0x1525   0x5e  Code  Gb  time_operations.o [1]
initRegs                     0x1bb0   0x48  Data  Lc  gpio.o [1]
interruptRegs                0x1b00   0x60  Data  Lc  gpio.o [1]
itoa                         0x18e7   0x66  Code  Gb  basic_operations.o [1]
keypadBuff              0x2000'002c   0x10  Data  Gb  main.o [1]
keypadBuffCntr          0x2000'007b    0x1  Data  Gb  main.o [1]
localPtrToFunc0A        0x2000'0040    0x4  Data  Lc  gptm.o [1]
localPtrToFunc0B        0x2000'0044    0x4  Data  Lc  gptm.o [1]
localPtrToFunc1A        0x2000'0048    0x4  Data  Lc  gptm.o [1]
localPtrToFunc1B        0x2000'004c    0x4  Data  Lc  gptm.o [1]
localPtrToFunc2A        0x2000'0050    0x4  Data  Lc  gptm.o [1]
localPtrToFunc2B        0x2000'0054    0x4  Data  Lc  gptm.o [1]
localPtrToFunc3A        0x2000'0058    0x4  Data  Lc  gptm.o [1]
localPtrToFunc3B        0x2000'005c    0x4  Data  Lc  gptm.o [1]
localPtrToFunc4A        0x2000'0060    0x4  Data  Lc  gptm.o [1]
localPtrToFunc4B        0x2000'0064    0x4  Data  Lc  gptm.o [1]
localPtrToFunc5A        0x2000'0068    0x4  Data  Lc  gptm.o [1]
localPtrToFunc5B        0x2000'006c    0x4  Data  Lc  gptm.o [1]
main                          0x773   0xcc  Code  Gb  main.o [1]
memchr                       0x1aa9         Code  Gb  memchr.o [4]
modeChooser                   0x6d1   0xa2  Code  Gb  main.o [1]
ndigs                        0x1b60   0x28  Data  Lc  iar_Stoulx.o [2]
portaISR                      0x2e5   0x2e  Code  Gb  main.o [1]
portdISR                      0x2a9   0x3c  Code  Gb  main.o [1]
porteISR                      0x313   0x26  Code  Gb  main.o [1]
ptrToFuncs              0x2000'0014   0x18  Data  Lc  gpio.o [1]
pui32Stack              0x2000'0080  0x200  Data  Lc  startup_ewarm.o [1]
reverse                      0x18c3   0x24  Code  Gb  basic_operations.o [1]
secondNum               0x2000'0072    0x2  Data  Lc  Calculator.o [1]
stopwatchMode                 0x4bb   0x64  Code  Gb  main.o [1]
stopwatchModeActive     0x2000'0078    0x2  Data  Gb  main.o [1]
stopwatchModeSeconds    0x2000'0076    0x2  Data  Gb  main.o [1]
stopwatchModeTimeChanged
                        0x2000'0011    0x1  Data  Gb  main.o [1]
swap                         0x18b9    0xa  Code  Gb  basic_operations.o [1]
symbol                  0x2000'007a    0x1  Data  Lc  Calculator.o [1]
ticks                   0x2000'003c    0x4  Data  Gb  gptm.o [1]
timer0ISR                     0x26d   0x28  Code  Gb  main.o [1]
timer1ISR                     0x295   0x14  Code  Gb  main.o [1]
timerMode                     0x525  0x1ac  Code  Gb  main.o [1]
timerModeActive         0x2000'007d    0x1  Data  Gb  main.o [1]
timerModeSeconds        0x2000'0074    0x2  Data  Gb  main.o [1]
timerModeTimeChanged    0x2000'0010    0x1  Data  Gb  main.o [1]


[1] = M:\Semester 7\Intro to Embedded\Project\Project\Debug\Obj
[2] = dl7M_tln.a
[3] = m7M_tls.a
[4] = rt7M_tl.a
[5] = shb_l.a

  6'554 bytes of readonly  code memory
  1'182 bytes of readonly  data memory
    636 bytes of readwrite data memory

Errors: none
Warnings: none
